[debug] [2026-09-23T23:18:19.101Z] ----------------------------------------------------------------------
[debug] [2026-09-23T23:18:19.102Z] Command:       /opt/homebrew/Cellar/node@24/24.16.0/bin/node /tmp/fb-rules-check/node_modules/.bin/firebase emulators:exec --only firestore echo RULES_OK
[debug] [2026-09-23T23:18:19.102Z] CLI Version:   13.29.1
[debug] [2026-09-23T23:18:19.102Z] Platform:      darwin
[debug] [2026-09-23T23:18:19.102Z] Node Version:  v24.16.0
[debug] [2026-09-23T23:18:19.102Z] Time:          Wed Sep 23 2026 18:18:19 GMT-0500 (Colombia Standard Time)
[debug] [2026-09-23T23:18:19.102Z] ----------------------------------------------------------------------
[debug] 
[debug] [2026-09-23T23:18:19.103Z] >>> [apiv2][query] GET https://firebase-public.firebaseio.com/cli.json [none]
[debug] [2026-09-23T23:18:19.140Z] > command requires scopes: ["email","openid","https://www.googleapis.com/auth/cloudplatformprojects.readonly","https://www.googleapis.com/auth/firebase","https://www.googleapis.com/auth/cloud-platform"]
[debug] Failed to authenticate, have you run firebase login?
[warn] ⚠  emulators: You are not currently authenticated so some features may not work correctly. Please run firebase login to authenticate the CLI. 
[debug] [2026-09-23T23:18:19.183Z] openjdk version "21.0.9" 2025-10-21

[debug] [2026-09-23T23:18:19.183Z] OpenJDK Runtime Environment (build 21.0.9+-14787801-b1163.94)
OpenJDK 64-Bit Server VM (build 21.0.9+-14787801-b1163.94, mixed mode)

[debug] [2026-09-23T23:18:19.186Z] Parsed Java major version: 21
[info] i  emulators: Starting emulators: firestore {"metadata":{"emulator":{"name":"hub"},"message":"Starting emulators: firestore"}}
[debug] [2026-09-23T23:18:19.372Z] [logging] Logging Emulator only supports listening on one address (127.0.0.1). Not listening on ::1
[debug] [2026-09-23T23:18:19.372Z] [firestore] Firestore Emulator only supports listening on one address (127.0.0.1). Not listening on ::1
[debug] [2026-09-23T23:18:19.372Z] [firestore.websocket] websocket server for firestore only supports listening on one address (127.0.0.1). Not listening on ::1
[debug] [2026-09-23T23:18:19.372Z] assigned listening specs for emulators {"user":{"logging":[{"address":"127.0.0.1","family":"IPv4","port":4500}],"firestore":[{"address":"127.0.0.1","family":"IPv4","port":8080}],"firestore.websocket":[{"address":"127.0.0.1","family":"IPv4","port":9150}]},"metadata":{"message":"assigned listening specs for emulators"}}
[debug] [2026-09-23T23:18:19.372Z] [firestore] Could not enable single_project_mode: missing projectId.
[info] i  firestore: downloading cloud-firestore-emulator-v1.19.8.jar... {"metadata":{"emulator":{"name":"firestore"},"message":"downloading cloud-firestore-emulator-v1.19.8.jar..."}}
[debug] [2026-09-23T23:18:19.376Z] <<< [apiv2][status] GET https://firebase-public.firebaseio.com/cli.json 403
[debug] [2026-09-23T23:18:19.376Z] <<< [apiv2][body] GET https://firebase-public.firebaseio.com/cli.json "Blocked by sandbox network policy\nDestination: firebase-public.firebaseio.com:443\nReason: not on allow list\n"
[warn] ⚠  Unable to fetch the CLI MOTD and remote config. This is not a fatal error, but may indicate an issue with your network connection. 
[debug] [2026-09-23T23:18:19.376Z] Failed to fetch MOTD FirebaseError: Unable to parse JSON: SyntaxError: Unexpected token 'B', "Blocked by"... is not valid JSON
[debug] [2026-09-23T23:18:19.377Z] Could not find VSCode notification endpoint: FetchError: request to http://localhost:40001/vscode/notify failed, reason: . If you are not running the Firebase Data Connect VSCode extension, this is expected and not an issue.
[info] i  emulators: Shutting down emulators. {"metadata":{"emulator":{"name":"hub"},"message":"Shutting down emulators."}}
[info] i  firestore: Stopping Firestore Emulator {"metadata":{"emulator":{"name":"firestore"},"message":"Stopping Firestore Emulator"}}
[debug] [2026-09-23T23:18:19.378Z] Could not find VSCode notification endpoint: FetchError: request to http://localhost:40001/vscode/notify failed, reason: . If you are not running the Firebase Data Connect VSCode extension, this is expected and not an issue.
[debug] [2026-09-23T23:18:19.378Z] Error: EPERM: operation not permitted, mkdir '/Users/brayanstevenmartinez/.cache/firebase/emulators'
    at Object.mkdirSync (node:fs:1350:26)
    at module.exports.makeDirSync (/private/tmp/fb-rules-check/node_modules/fs-extra/lib/mkdirs/make-dir.js:23:13)
    at downloadEmulator (/private/tmp/fb-rules-check/node_modules/firebase-tools/lib/emulator/download.js:21:8)
    at Object.start (/private/tmp/fb-rules-check/node_modules/firebase-tools/lib/emulator/downloadableEmulators.js:464:51)
    at FirestoreEmulator.start (/private/tmp/fb-rules-check/node_modules/firebase-tools/lib/emulator/firestoreEmulator.js:42:38)
    at EmulatorRegistry.start (/private/tmp/fb-rules-check/node_modules/firebase-tools/lib/emulator/registry.js:19:24)
    at startEmulator (/private/tmp/fb-rules-check/node_modules/firebase-tools/lib/emulator/controller.js:293:44)
    at Object.startAll (/private/tmp/fb-rules-check/node_modules/firebase-tools/lib/emulator/controller.js:468:15)
    at process.processTicksAndRejections (node:internal/process/task_queues:104:5)
    at async emulatorExec (/private/tmp/fb-rules-check/node_modules/firebase-tools/lib/emulator/commandUtils.js:298:35)
[error] 
[error] Error: An unexpected error has occurred.
[debug] [2026-09-23T23:18:19.640Z] Error: EPERM: operation not permitted, mkdir '/Users/brayanstevenmartinez/.config/configstore'
    at Object.mkdirSync (node:fs:1350:26)
    at module.exports.sync (/private/tmp/fb-rules-check/node_modules/make-dir/index.js:114:6)
    at set all (/private/tmp/fb-rules-check/node_modules/configstore/index.js:59:12)
    at Configstore.delete (/private/tmp/fb-rules-check/node_modules/configstore/index.js:101:12)
    at process.<anonymous> (/private/tmp/fb-rules-check/node_modules/firebase-tools/lib/bin/firebase.js:103:41)
    at process.emit (node:events:521:24)
    at process.emit (node:domain:489:12)
    at process.exit (node:internal/process/per_thread:236:15)
    at Timeout._onTimeout (/private/tmp/fb-rules-check/node_modules/firebase-tools/lib/errorOut.js:20:17)
    at listOnTimeout (node:internal/timers:605:17)
[error] 
[error] Error: An unexpected error has occurred.
